Cliques:
{
  0: ( 0 1 2 3 4 )
}
Thresholds:
( 1 )
Cliques:
{
  0: ( 0 1 2 3 4 )
  1: ( 0 1 )
}
Thresholds:
( 1 2 )
Cliques:
{
  0: ( 0 1 2 )
  1: ( 1 2 3 4 )
}
Thresholds:
( 8 5 )
Cliques:
{
  0: ( 0 11 )
  1: ( 9 33 )
  2: ( 2 9 )
  3: ( 14 32 33 )
  4: ( 15 32 33 )
  5: ( 5 6 16 )
  6: ( 0 1 17 )
  7: ( 0 3 12 )
  8: ( 26 29 33 )
  9: ( 20 32 33 )
  10: ( 0 1 21 )
  11: ( 22 32 33 )
  12: ( 18 32 33 )
  13: ( 23 27 33 )
  14: ( 23 29 32 33 )
  15: ( 23 25 )
  16: ( 24 25 31 )
  17: ( 24 27 )
  18: ( 2 27 )
  19: ( 28 31 33 )
  20: ( 2 28 )
  21: ( 0 4 6 )
  22: ( 0 4 10 )
  23: ( 31 32 33 )
  24: ( 0 31 )
  25: ( 0 5 6 )
  26: ( 0 5 10 )
  27: ( 19 33 )
  28: ( 0 1 19 )
  29: ( 13 33 )
  30: ( 8 30 32 33 )
  31: ( 1 30 )
  32: ( 0 1 2 3 7 )
  33: ( 0 1 2 3 13 )
  34: ( 2 8 32 )
  35: ( 0 2 8 )
  36: ( 14 33 )
  37: ( 15 33 )
  38: ( 5 6 )
  39: ( 0 17 )
  40: ( 1 17 )
  41: ( 3 12 )
  42: ( 26 33 )
  43: ( 26 29 )
  44: ( 20 32 )
  45: ( 0 21 )
  46: ( 1 21 )
  47: ( 22 33 )
  48: ( 27 33 )
  49: ( 23 29 33 )
  50: ( 29 32 33 )
  51: ( 23 29 )
  52: ( 23 33 )
  53: ( 24 25 )
  54: ( 28 31 )
  55: ( 4 6 )
  56: ( 4 10 )
  57: ( 31 33 )
  58: ( 31 32 )
  59: ( 0 6 )
  60: ( 5 10 )
  61: ( 0 19 )
  62: ( 1 19 )
  63: ( 8 30 33 )
  64: ( 8 30 )
  65: ( 8 33 )
  66: ( 1 7 )
  67: ( 0 2 7 )
  68: ( 2 3 7 )
  69: ( 2 7 )
  70: ( 3 7 )
  71: ( 1 13 )
  72: ( 0 2 13 )
  73: ( 2 3 13 )
  74: ( 0 13 )
  75: ( 0 2 )
  76: ( 2 8 )
}
Thresholds:
( 4 2 2 2 3 2 1 1 2 1 1 1 2 2 1 5 3 1 3 4 2 1 1 4 3 2 1 2 1 2 1 4 1 1 1 2 4 5 5 4 5 4 5 5 5 2 5 4 4 2 2 4 5 4 5 5 4 5 5 4 4 2 5 2 3 5 3 2 2 4 4 4 2 2 5 5 3 )
Cliques:
{
  0: ( 2 3 4 )
  1: ( 0 1 2 )
  2: ( 1 2 3 4 )
  3: ( 1 2 )
}
Mu:
( 1.13842 0.92554 0.86148 0.00000 )
