Graph with no vertices:
Before:
After:

Graph with loops and multiple edges:
Before:
1 2 2
0 1 1 3
0 0 3
1 2 4 4
3 3

After:
1 2
0 3
0 3
1 2 4
3

