-6.09451+6.92801i 1.3402+5.63701i 4.37096+2.48743i 59.7723+0i 1.62036+0i -1.50609+0i -5.11985+0i 4.37096-2.48743i 1.3402-5.63701i -6.09451-6.92801i
-6.09451-6.92801i 1.3402-5.63701i 4.37096-2.48743i -5.11985+0i -1.50609+0i 1.62036+0i 59.7723+0i 4.37096+2.48743i 1.3402+5.63701i -6.09451+6.92801i
