54.2836 -14.0379 11.141 -10.6996 -8.73724
54.2836 -14.0379 11.141 -10.6996 -8.73724 8.62656 7.57286 4.18242
54.2836 -14.0379 11.141 -10.6996 8.62656
-1.76375 2.43199 4.18242 7.57286 8.62656
