Checking graph with no vertices
Checking graph with 10 vertices, no edges
Checking full graph with 10 vertices
