One vertex:
result (vertex IDs): 
{
  0: ( 0 )
}
result (edge IDs): 
{
  0: ( )
}

Two disconnected vertices:
result (vertex IDs): 
{
}
result (edge IDs): 
{
}

Two vertices with infinite weight edge in between:
result (vertex IDs): 
{
}
result (edge IDs): 
{
}

Wiki example:
result (vertex IDs): 
{
  0: ( 0 2 3 5 )
  1: ( 0 2 4 5 )
  2: ( 0 1 3 5 )
  3: ( 0 2 1 3 5 )
  4: ( 0 2 3 4 5 )
  5: ( 0 1 3 4 5 )
  6: ( 0 2 1 3 4 5 )
}
result (edge IDs): 
{
  0: ( 1 4 7 )
  1: ( 1 5 8 )
  2: ( 0 2 7 )
  3: ( 1 3 2 7 )
  4: ( 1 4 6 8 )
  5: ( 0 2 6 8 )
  6: ( 1 3 2 6 8 )
}

Wiki example, 0 shortest paths:
result (vertex IDs): 
{
}
result (edge IDs): 
{
}

Wiki example, 2 shortest paths:
result (vertex IDs): 
{
  0: ( 0 2 3 5 )
  1: ( 0 2 4 5 )
}
result (edge IDs): 
{
  0: ( 1 4 7 )
  1: ( 1 5 8 )
}

Wiki example, other direction:
result (vertex IDs): 
{
  0: ( 5 3 2 0 )
  1: ( 5 4 2 0 )
  2: ( 5 3 1 0 )
  3: ( 5 4 3 2 0 )
  4: ( 5 3 1 2 0 )
  5: ( 5 4 3 1 0 )
  6: ( 5 4 3 1 2 0 )
}
result (edge IDs): 
{
  0: ( 7 4 1 )
  1: ( 8 5 1 )
  2: ( 7 2 0 )
  3: ( 8 6 4 1 )
  4: ( 7 2 3 1 )
  5: ( 8 6 2 0 )
  6: ( 8 6 2 3 1 )
}

Wiki example, direction ignored:
result (vertex IDs): 
{
  0: ( 5 3 2 0 )
  1: ( 5 4 2 0 )
  2: ( 5 3 2 1 0 )
  3: ( 5 3 1 0 )
  4: ( 5 4 3 2 0 )
  5: ( 5 3 1 2 0 )
  6: ( 5 3 4 2 0 )
  7: ( 5 4 2 1 0 )
  8: ( 5 3 4 2 1 0 )
  9: ( 5 4 3 2 1 0 )
  10: ( 5 4 3 1 0 )
  11: ( 5 4 3 1 2 0 )
  12: ( 5 4 2 3 1 0 )
}
result (edge IDs): 
{
  0: ( 7 4 1 )
  1: ( 8 5 1 )
  2: ( 7 4 3 0 )
  3: ( 7 2 0 )
  4: ( 8 6 4 1 )
  5: ( 7 2 3 1 )
  6: ( 7 6 5 1 )
  7: ( 8 5 3 0 )
  8: ( 7 6 5 3 0 )
  9: ( 8 6 4 3 0 )
  10: ( 8 6 2 0 )
  11: ( 8 6 2 3 1 )
  12: ( 8 5 4 2 0 )
}

Wiki example, undirected:
result (vertex IDs): 
{
  0: ( 5 3 2 0 )
  1: ( 5 4 2 0 )
  2: ( 5 3 2 1 0 )
  3: ( 5 3 1 0 )
  4: ( 5 4 3 2 0 )
  5: ( 5 3 1 2 0 )
  6: ( 5 3 4 2 0 )
  7: ( 5 4 2 1 0 )
  8: ( 5 3 4 2 1 0 )
  9: ( 5 4 3 2 1 0 )
  10: ( 5 4 3 1 0 )
  11: ( 5 4 3 1 2 0 )
  12: ( 5 4 2 3 1 0 )
}
result (edge IDs): 
{
  0: ( 7 4 1 )
  1: ( 8 5 1 )
  2: ( 7 4 3 0 )
  3: ( 7 2 0 )
  4: ( 8 6 4 1 )
  5: ( 7 2 3 1 )
  6: ( 7 6 5 1 )
  7: ( 8 5 3 0 )
  8: ( 7 6 5 3 0 )
  9: ( 8 6 4 3 0 )
  10: ( 8 6 2 0 )
  11: ( 8 6 2 3 1 )
  12: ( 8 5 4 2 0 )
}

Wiki example, no weights:
result (vertex IDs): 
{
  0: ( 0 1 3 5 )
  1: ( 0 2 4 5 )
  2: ( 0 2 3 5 )
  3: ( 0 1 3 4 5 )
  4: ( 0 2 3 4 5 )
  5: ( 0 2 1 3 5 )
  6: ( 0 2 1 3 4 5 )
}
result (edge IDs): 
{
  0: ( 0 2 7 )
  1: ( 1 5 8 )
  2: ( 1 4 7 )
  3: ( 0 2 6 8 )
  4: ( 1 4 6 8 )
  5: ( 1 3 2 7 )
  6: ( 1 3 2 6 8 )
}

Directed unweighted graph:
result (vertex IDs): 
{
  0: ( 0 4 )
  1: ( 0 3 4 )
  2: ( 0 1 2 4 )
  3: ( 0 1 2 4 )
}
result (edge IDs): 
{
  0: ( 9 )
  1: ( 4 5 )
  2: ( 0 2 8 )
  3: ( 0 1 8 )
}

3x3 square lattice:
result (vertex IDs): 
{
  0: ( 0 1 2 5 8 )
  1: ( 0 3 4 5 8 )
  2: ( 0 1 4 7 8 )
  3: ( 0 3 4 7 8 )
  4: ( 0 1 4 5 8 )
  5: ( 0 3 6 7 8 )
}
result (edge IDs): 
{
  0: ( 0 2 4 9 )
  1: ( 1 5 7 9 )
  2: ( 0 3 8 11 )
  3: ( 1 5 8 11 )
  4: ( 0 3 7 9 )
  5: ( 1 6 10 11 )
}

Zero vertices, from and to don't exist:
Wrong weights length:
Non-existent mode:
