100 point cloud in 2d
287
directed: false
vcount: 100
edges: {
0 11
0 34
0 53
0 64
1 12
1 49
1 76
1 81
1 92
1 96
1 98
2 5
2 24
2 56
2 73
2 89
2 90
2 95
3 8
3 42
3 55
3 71
3 99
4 17
4 19
4 20
4 32
4 33
4 50
4 67
4 69
5 85
5 89
5 90
6 21
6 30
6 41
6 82
6 88
7 11
7 22
7 64
7 80
8 55
8 87
8 99
9 14
9 23
9 51
9 53
9 63
9 64
10 16
10 71
10 77
10 91
10 94
11 16
11 22
11 34
11 38
11 40
11 64
12 49
12 61
12 75
12 93
12 96
13 52
13 56
13 73
13 95
14 26
14 47
14 58
14 59
14 63
14 64
15 19
15 54
15 68
15 72
15 79
15 84
16 18
16 28
16 34
16 40
16 77
16 94
17 29
17 32
17 33
17 37
17 76
17 81
18 27
18 28
18 77
18 91
19 20
19 33
19 54
19 84
20 44
20 50
20 84
21 30
21 37
21 48
21 76
21 88
21 98
22 36
22 38
22 46
22 61
22 66
22 80
23 25
23 51
23 63
23 74
24 52
24 89
24 95
25 26
25 63
25 74
25 83
26 47
26 63
26 72
26 83
26 85
27 28
27 51
27 56
28 34
28 51
28 53
29 33
29 49
29 75
29 81
30 41
30 48
30 97
31 79
31 84
31 85
31 89
32 37
32 67
33 54
33 61
33 75
34 53
35 62
35 65
35 66
35 96
36 38
36 65
36 66
36 87
37 48
37 67
37 76
37 86
37 97
38 40
38 87
38 99
39 41
39 86
39 97
40 94
40 99
41 52
41 86
41 97
42 43
42 55
42 71
42 78
43 71
43 78
43 82
43 91
44 50
44 52
44 69
44 84
44 86
44 89
45 58
45 59
45 68
45 72
45 80
46 61
46 66
46 93
47 59
47 72
48 97
49 75
49 81
50 69
51 53
51 56
51 74
52 86
52 89
52 95
53 64
54 61
54 68
54 80
55 78
55 87
56 57
56 73
56 74
56 90
57 74
57 83
57 90
58 59
58 64
58 80
59 72
60 62
60 82
60 88
60 92
60 96
61 75
61 80
61 93
62 65
62 70
62 82
62 96
64 80
65 66
65 70
65 87
66 93
66 96
67 69
67 86
68 72
68 80
69 86
70 78
70 82
70 87
71 91
71 94
71 99
72 79
72 85
73 95
74 83
76 81
76 98
77 91
78 82
78 87
79 84
79 85
82 88
83 85
83 90
84 89
85 89
85 90
86 97
87 99
88 92
88 98
92 96
92 98
93 96
94 99
}
50 point cloud in 3d
289
directed: false
vcount: 50
edges: {
0 3
0 5
0 8
0 16
0 17
0 19
0 23
0 25
0 27
0 29
0 33
0 38
0 39
0 43
0 49
1 11
1 15
1 16
1 18
1 20
1 24
1 32
1 33
1 40
1 42
1 44
1 49
2 3
2 4
2 6
2 7
2 8
2 9
2 14
2 21
2 22
2 30
2 32
2 34
2 37
2 46
3 5
3 8
3 17
3 21
3 23
3 31
3 32
3 34
3 37
3 39
3 47
4 7
4 8
4 22
4 27
4 33
4 41
4 46
5 12
5 16
5 23
5 31
5 38
5 39
5 43
5 45
5 47
5 49
6 9
6 13
6 14
6 21
6 26
6 28
6 30
6 31
6 34
6 35
6 36
6 37
6 43
6 48
7 14
7 22
7 34
7 41
7 46
8 13
8 17
8 19
8 25
8 27
8 29
8 31
8 34
8 43
8 46
9 13
9 14
9 20
9 30
9 34
9 35
9 40
9 41
9 48
10 11
10 12
10 15
10 18
10 20
10 26
10 35
10 42
10 48
11 12
11 13
11 15
11 16
11 18
11 20
11 29
11 33
11 35
11 41
11 42
12 16
12 26
12 29
12 35
12 36
12 42
12 43
12 45
12 49
13 14
13 20
13 29
13 34
13 35
13 41
13 43
13 46
14 20
14 22
14 30
14 33
14 34
14 40
14 41
14 46
15 18
15 24
15 26
15 28
15 32
15 42
15 45
16 19
16 25
16 27
16 29
16 33
16 35
16 41
16 42
16 43
16 49
17 19
17 23
17 31
17 39
17 43
18 20
18 24
18 26
18 32
18 40
19 25
19 27
19 29
19 43
19 46
20 26
20 30
20 32
20 33
20 35
20 40
20 41
20 48
21 30
21 31
21 32
21 34
21 36
21 37
21 47
22 33
22 40
22 41
23 38
23 39
23 47
24 28
24 32
24 42
24 44
24 45
24 47
25 27
25 29
25 46
26 28
26 32
26 35
26 36
26 37
26 42
26 43
26 45
26 48
27 29
27 33
27 41
27 46
27 49
28 32
28 36
28 37
28 45
28 47
28 48
29 33
29 35
29 41
29 43
29 46
30 32
30 37
30 40
30 48
31 34
31 36
31 39
31 43
31 45
31 47
32 37
32 40
32 47
32 48
33 38
33 40
33 41
33 44
33 49
34 35
34 43
34 46
35 41
35 43
35 48
36 37
36 43
36 45
36 47
37 47
37 48
38 42
38 44
38 45
38 47
38 49
39 43
39 45
40 48
41 46
42 44
42 45
42 47
42 49
43 45
44 47
44 49
45 47
45 49
47 49
}
10 point cloud in 4d
39
directed: false
vcount: 10
edges: {
0 1
0 2
0 3
0 4
0 5
0 7
0 8
1 2
1 3
1 4
1 5
1 7
1 8
1 9
2 3
2 4
2 5
2 6
2 7
2 8
2 9
3 4
3 5
3 6
3 7
3 9
4 5
4 6
4 7
4 8
4 9
5 6
5 7
6 7
6 8
6 9
7 8
7 9
8 9
}
3x3 square lattice
16
directed: false
vcount: 9
edges: {
0 1
0 3
1 2
1 3
1 4
1 5
2 5
3 4
3 6
3 7
4 5
4 7
5 7
5 8
6 7
7 8
}
Triangle with one subdivided edge
5
directed: false
vcount: 4
edges: {
0 2
0 3
1 2
1 3
2 3
}
Triangle with one subdivided edge, point then slightly perturbed
6
directed: false
vcount: 4
edges: {
0 1
0 2
0 3
1 2
1 3
2 3
}
4 points on a line in 2d
4 points on a plane in 3d
Identical points
One point in 2d
0
directed: false
vcount: 1
edges: {
}
No points in 2d
0
directed: false
vcount: 0
edges: {
}
0x0 matrix
0
directed: false
vcount: 0
edges: {
}
2 points in 0d
4 points in 3d
6
directed: false
vcount: 4
edges: {
0 1
0 2
0 3
1 2
1 3
2 3
}
3 points in 3d
