{
  0: ( 0 1 )
  1: ( 0 9 )
  2: ( 1 2 )
  3: ( 2 3 )
  4: ( 3 4 )
  5: ( 4 5 )
  6: ( 5 6 )
  7: ( 6 7 )
  8: ( 7 8 )
  9: ( 8 9 )
}
---
{
  0: ( 6 15 22 23 27 33 40 44 )
  1: ( 6 22 23 27 33 40 44 48 )
  2: ( 13 15 22 24 27 33 40 44 )
  3: ( 13 15 22 24 33 36 38 42 )
  4: ( 15 22 24 29 33 36 38 42 )
}
