Undirected, unweighted, row-wise:
       0  0.5        0 0.25     0.25 0
0.666667    0 0.333333    0        0 0
       0 0.25      0.5 0.25        0 0
0.333333    0 0.333333    0 0.333333 0
     0.5    0        0  0.5        0 0
       0    0        0    0        0 0
========
Undirected, unweighted, column-wise:
   0 0.666667    0 0.333333 0.5 0
 0.5        0 0.25        0   0 0
   0 0.333333  0.5 0.333333   0 0
0.25        0 0.25        0 0.5 0
0.25        0    0 0.333333   0 0
   0        0    0        0   0 0
========
Undirected, weighted, row-wise:
       0      0.5        0 0.428571 0.0714286 0
0.636364        0 0.363636        0         0 0
       0 0.307692 0.461538 0.230769         0 0
0.545455        0 0.272727        0  0.181818 0
0.333333        0        0 0.666667         0 0
       0        0        0        0         0 0
========
Undirected, weighted, column-wise:
        0 0.636364        0 0.545455 0.333333 0
      0.5        0 0.307692        0        0 0
        0 0.363636 0.461538 0.272727        0 0
 0.428571        0 0.230769        0 0.666667 0
0.0714286        0        0 0.181818        0 0
        0        0        0        0        0 0
========
Directed, unweighted, row-wise:
0 0.666667   0 0.333333 0 0
0        0   1        0 0 0
0        0 0.5      0.5 0 0
0        0   0        0 1 0
1        0   0        0 0 0
0        0   0        0 0 0
========
Directed, unweighted, column-wise:
0 1   0 0.5 0 0
0 0 0.5   0 0 0
0 0 0.5 0.5 0 0
0 0   0   0 1 0
1 0   0   0 0 0
0 0   0   0 0 0
========
Directed, weighted, row-wise:
0 0.538462   0 0.461538 0 0
0        0   1        0 0 0
0        0 0.5      0.5 0 0
0        0   0        0 1 0
1        0   0        0 0 0
0        0   0        0 0 0
========
Directed, weighted, column-wise:
0 1        0 0.666667 0 0
0 0 0.571429        0 0 0
0 0 0.428571 0.333333 0 0
0 0        0        0 1 0
1 0        0        0 0 0
0 0        0        0 0 0
========
