Astar, unweighted, no heuristic:
0
0 1
0 1 2 3
0 1 2 3 4 5
0 1 2
0 1
Astar, weighted, no heuristic:
0
0 1
0 1 2 3
0 9 8 7 6 5
0 1 2
0 1
Astar, unweighted, lattice with manhattan distance heuristic:
0 1 2 3 4 5 6 7 8 9
Astar, unweighted, grg with euclidean distance heuristic:
0 13 17 24 20 9
Check with dijkstra:
0 13 17 24 20 9
