test_simple
( 1 6 5 3 9 )
[        5        1
         1        3
         2        5
         6        4
         9        2 ]
test_collinear
( 4 0 )
[       11       -2
         3        2 ]
test_degenerate
( 1 0 )
[        5        1
         3        2 ]
( 0 )
[        3        2 ]
( )
[ 0-by-2 ]
test_bug_805
( 31 30 29 28 27 26 25 32 )
[        0       -4
    -2.828   -2.828
        -4        0
    -2.828    2.828
         0        4
     2.828    2.828
         4        0
     2.828   -2.828 ]
test_bug_1115
( 39 42 25 30 35 20 38 32 )
[        5        6
         5       64
        27       68
        37       69
        63       69
        62       42
        59       15
        46       10 ]
