directed: false
vcount: 9
edges: {
0 1
1 2
2 3
3 4
4 5
5 6
6 7
7 8
}
directed: true
vcount: 9
edges: {
1 0
2 0
3 0
4 0
5 0
6 0
7 0
8 0
}
