0, 2, 0.8
0.001, 2, 0.8
0.003, 2, 0.8
0.01, 2, 0.8
0.03, 2, 0.8
0.1, 2, 0.9
0.3, 1, 1
1, 0.1, 2
