Empty graph with zero vertices:directed: false
vcount: 0
edges: {
}

Partition type:


Turan graph with 10 vertices and 1 partition:directed: false
vcount: 10
edges: {
}

Partition type:
0 0 0 0 0 0 0 0 0 0

Turan graph with 4 vertices and 6 partitions
gives 4 vertices and 1 partition:directed: false
vcount: 4
edges: {
0 1
0 2
0 3
1 2
1 3
2 3
}

Partition type:
0 1 2 3

Turan graph with 13 vertices and 4 partitions:directed: false
vcount: 13
edges: {
0 4
0 5
0 6
0 7
0 8
0 9
0 10
0 11
0 12
1 4
1 5
1 6
1 7
1 8
1 9
1 10
1 11
1 12
2 4
2 5
2 6
2 7
2 8
2 9
2 10
2 11
2 12
3 4
3 5
3 6
3 7
3 8
3 9
3 10
3 11
3 12
4 7
4 8
4 9
4 10
4 11
4 12
5 7
5 8
5 9
5 10
5 11
5 12
6 7
6 8
6 9
6 10
6 11
6 12
7 10
7 11
7 12
8 10
8 11
8 12
9 10
9 11
9 12
}

Partition type:
0 0 0 0 1 1 1 2 2 2 3 3 3

Turan(13,4) is isomorphic to full multipartite(4,3,3,3)

Turan graph with 8 vertices and 3 partitions:directed: false
vcount: 8
edges: {
0 3
0 4
0 5
0 6
0 7
1 3
1 4
1 5
1 6
1 7
2 3
2 4
2 5
2 6
2 7
3 6
3 7
4 6
4 7
5 6
5 7
}

Partition type:
0 0 0 1 1 1 2 2

Turan(8,3) is isomorphic to full multipartite(3,3,2)

Turan graph with 6 vertices and 3 partitions:directed: false
vcount: 6
edges: {
0 2
0 3
0 4
0 5
1 2
1 3
1 4
1 5
2 4
2 5
3 4
3 5
}

Partition type:
0 0 1 1 2 2

Turan(6,3) is isomorphic to full multipartite(2,2,2)
