[        1        1        1        1
         2        2        2        2
         3        3        3        3 ]
[        0        0        0        0
         0        0        0        0
         0        0        0        0 ]
[        2        3
         4        6
         6        9
         8       12
        10       15 ]
[        2
         4
         6
         8
        10 ]
[        1        2        3
         2        4        6 ]
[        1       11       21
         2       12       22 ]
[        1        2       11
        12       21       22 ]
[        1        2
        11       12
        21       22 ]
[        0        5
         1        6
         2        7
         3        8
         4        9 ]
[        0        1        2        3        4
         5        6        7        8        9 ]
[        0
         1
         2
         3
         4 ]
[        0        1        2        3        4 ]
[        0        1        2        3        4 ]
[        0
         1
         2
         3
         4 ]
