Vertex 0: type=0 id="A" name="A"
Vertex 1: type=0 id="B" name="B"
Vertex 2: type=0 id="C" name="C"
Vertex 3: type=0 id="D" name="D"
Vertex 4: type=0 id="E" name="E"
Vertex 5: type=0 id="F" name="F"
Vertex 6: type=0 id="G" name="G"
Vertex 7: type=0 id="H" name="H"
Vertex 8: type=0 id="I" name="I"
Vertex 9: type=0 id="J" name="J"
Vertex 10: type=1 id="1" name="1"
Vertex 11: type=1 id="2" name="2"
Vertex 12: type=1 id="3" name="3"
Vertex 13: type=1 id="4" name="4"
Vertex 14: type=1 id="5" name="5"
Edge 0 (10-0): weight=1
Edge 1 (10-1): weight=1
Edge 2 (11-1): weight=1
Edge 3 (10-2): weight=1
Edge 4 (11-2): weight=1
Edge 5 (12-2): weight=1
Edge 6 (10-3): weight=1
Edge 7 (11-3): weight=1
Edge 8 (12-3): weight=1
Edge 9 (13-3): weight=1
Edge 10 (10-4): weight=1
Edge 11 (11-4): weight=1
Edge 12 (12-4): weight=1
Edge 13 (13-4): weight=1
Edge 14 (14-4): weight=1
Edge 15 (14-5): weight=1
Edge 16 (10-6): weight=1
Edge 17 (14-6): weight=1
Edge 18 (10-7): weight=1
Edge 19 (11-7): weight=1
Edge 20 (13-7): weight=1
Edge 21 (14-7): weight=1
Edge 22 (10-9): weight=1
Edge 23 (12-9): weight=1
Edge 24 (14-9): weight=1

---
Vertex 0: type=0 id="A" name="A"
Vertex 1: type=0 id="B" name="B"
Vertex 2: type=0 id="C" name="C"
Vertex 3: type=0 id="D" name="D"
Vertex 4: type=0 id="E" name="E"
Vertex 5: type=0 id="F" name="F"
Vertex 6: type=0 id="G" name="G"
Vertex 7: type=0 id="H" name="H"
Vertex 8: type=0 id="I" name="I"
Vertex 9: type=0 id="J" name="J"
Vertex 10: type=1 id="1" name="1"
Vertex 11: type=1 id="2" name="2"
Vertex 12: type=1 id="3" name="3"
Vertex 13: type=1 id="4" name="4"
Vertex 14: type=1 id="5" name="5"
Edge 0 (10-0): weight=1
Edge 1 (10-1): weight=1
Edge 2 (11-1): weight=1
Edge 3 (10-2): weight=1
Edge 4 (11-2): weight=1
Edge 5 (12-2): weight=1
Edge 6 (10-3): weight=1
Edge 7 (11-3): weight=1
Edge 8 (12-3): weight=1
Edge 9 (13-3): weight=1
Edge 10 (10-4): weight=1
Edge 11 (11-4): weight=1
Edge 12 (12-4): weight=1
Edge 13 (13-4): weight=1
Edge 14 (14-4): weight=1
Edge 15 (14-5): weight=1
Edge 16 (10-6): weight=1
Edge 17 (14-6): weight=1
Edge 18 (10-7): weight=1
Edge 19 (11-7): weight=1
Edge 20 (13-7): weight=1
Edge 21 (14-7): weight=1
Edge 22 (10-9): weight=1
Edge 23 (12-9): weight=1
Edge 24 (14-9): weight=1

