rng name: LIBC
3
69
20
64
30

3
69
20
64
30

rng name: MT19937
37
80
96
18
73

37
80
96
18
73

rng name: PCG32
13
54
84
99
99

13
54
84
99
99

