Two strings in a vector.
This is a string. |  |  |  | A completely different one.
Remove a nonexistent one.
This is a string. |  |  | A completely different one.
Remove one.
 |  | A completely different one.
Overwriting a string.
 |  | This is a string. |  | 
