 1  5 10 10  9  8  4  3  1  7
 5  9 10  0 10  1  0 10 10  8
10 10  8  1 10  6  4  7  2  2
10  0  1  6  7  1  4  5  7  3
 9 10 10  7  3  7 10  7  2  6
 8  1  6  1  7  0 10  1  3 10
 4  0  4  4 10 10  5  4  1  7
 3 10  7  5  7  1  4  4  4  1
 1 10  2  7  2  3  1  4  4  8
 7  8  2  3  6 10  7  1  8  7
0.335098 0.373089 0.362013 0.241464 0.403622 0.277745 0.281592 0.271598 0.235929 0.332236
---
3  7 7  7 4 7  9  0  2  6
7  7 6  3 9 6 10  0  2  7
7  6 3  8 9 8  9  7  5  9
7  3 8  9 2 4 10 10  5  2
4  9 9  2 3 7  1  3  6  9
7  6 8  4 7 6  8  0  1  7
9 10 9 10 1 8  3  2  4  4
0  0 7 10 3 0  2 10  5  3
2  2 5  5 6 1  4  5 10 10
6  7 9  2 9 7  4  3 10  9
0.300487 0.32522 0.384798 0.32095 0.299319 0.311637 0.33754 0.209222 0.272569 0.366266
