( )
( 2 8 6 0 9 1 5 3 7 4 )
( 0 )
( 1 )
( 2 )
( 3 )
( 4 )
( 5 )
( 6 )
( 7 )
( 8 )
( 9 )
